# serializer version: 1
# name: test_spanplus_inference
  WrappedModel(
    in_channels=3,
    out_channels=3,
    upscale=2,
  )
# ---
